Archive member included to satisfy reference by file (symbol)

c:/program files (x86)/atmel/studio/7.0/toolchain/avr8/avr8-gnu-toolchain/bin/../lib/gcc/avr/5.4.0/../../../../avr/lib/avr5\libm.a(fixunssfsi.o)
                              HAL/LM35/LM35_TEMP.o (__fixunssfsi)
c:/program files (x86)/atmel/studio/7.0/toolchain/avr8/avr8-gnu-toolchain/bin/../lib/gcc/avr/5.4.0/../../../../avr/lib/avr5\libm.a(floatsisf.o)
                              HAL/LM35/LM35_TEMP.o (__floatsisf)
c:/program files (x86)/atmel/studio/7.0/toolchain/avr8/avr8-gnu-toolchain/bin/../lib/gcc/avr/5.4.0/../../../../avr/lib/avr5\libm.a(fp_split3.o)
                              c:/program files (x86)/atmel/studio/7.0/toolchain/avr8/avr8-gnu-toolchain/bin/../lib/gcc/avr/5.4.0/../../../../avr/lib/avr5\libm.a(fixunssfsi.o) (__fp_splitA)
c:/program files (x86)/atmel/studio/7.0/toolchain/avr8/avr8-gnu-toolchain/bin/../lib/gcc/avr/5.4.0/../../../../avr/lib/avr5\libm.a(fp_zero.o)
                              c:/program files (x86)/atmel/studio/7.0/toolchain/avr8/avr8-gnu-toolchain/bin/../lib/gcc/avr/5.4.0/../../../../avr/lib/avr5\libm.a(fixunssfsi.o) (__fp_zero)
c:/program files (x86)/atmel/studio/7.0/toolchain/avr8/avr8-gnu-toolchain/bin/../lib/gcc/avr/5.4.0/../../../../avr/lib/avr5\libm.a(mulsf3.o)
                              HAL/LM35/LM35_TEMP.o (__mulsf3)
c:/program files (x86)/atmel/studio/7.0/toolchain/avr8/avr8-gnu-toolchain/bin/../lib/gcc/avr/5.4.0/../../../../avr/lib/avr5\libm.a(mulsf3x.o)
                              c:/program files (x86)/atmel/studio/7.0/toolchain/avr8/avr8-gnu-toolchain/bin/../lib/gcc/avr/5.4.0/../../../../avr/lib/avr5\libm.a(mulsf3.o) (__mulsf3x)
c:/program files (x86)/atmel/studio/7.0/toolchain/avr8/avr8-gnu-toolchain/bin/../lib/gcc/avr/5.4.0/../../../../avr/lib/avr5\libm.a(fp_inf.o)
                              c:/program files (x86)/atmel/studio/7.0/toolchain/avr8/avr8-gnu-toolchain/bin/../lib/gcc/avr/5.4.0/../../../../avr/lib/avr5\libm.a(mulsf3x.o) (__fp_inf)
c:/program files (x86)/atmel/studio/7.0/toolchain/avr8/avr8-gnu-toolchain/bin/../lib/gcc/avr/5.4.0/../../../../avr/lib/avr5\libm.a(fp_nan.o)
                              c:/program files (x86)/atmel/studio/7.0/toolchain/avr8/avr8-gnu-toolchain/bin/../lib/gcc/avr/5.4.0/../../../../avr/lib/avr5\libm.a(mulsf3x.o) (__fp_nan)
c:/program files (x86)/atmel/studio/7.0/toolchain/avr8/avr8-gnu-toolchain/bin/../lib/gcc/avr/5.4.0/../../../../avr/lib/avr5\libm.a(fp_pscA.o)
                              c:/program files (x86)/atmel/studio/7.0/toolchain/avr8/avr8-gnu-toolchain/bin/../lib/gcc/avr/5.4.0/../../../../avr/lib/avr5\libm.a(mulsf3x.o) (__fp_pscA)
c:/program files (x86)/atmel/studio/7.0/toolchain/avr8/avr8-gnu-toolchain/bin/../lib/gcc/avr/5.4.0/../../../../avr/lib/avr5\libm.a(fp_pscB.o)
                              c:/program files (x86)/atmel/studio/7.0/toolchain/avr8/avr8-gnu-toolchain/bin/../lib/gcc/avr/5.4.0/../../../../avr/lib/avr5\libm.a(mulsf3x.o) (__fp_pscB)
c:/program files (x86)/atmel/studio/7.0/toolchain/avr8/avr8-gnu-toolchain/bin/../lib/gcc/avr/5.4.0/../../../../avr/lib/avr5\libm.a(fp_round.o)
                              c:/program files (x86)/atmel/studio/7.0/toolchain/avr8/avr8-gnu-toolchain/bin/../lib/gcc/avr/5.4.0/../../../../avr/lib/avr5\libm.a(mulsf3.o) (__fp_round)
c:/program files (x86)/atmel/studio/7.0/toolchain/avr8/avr8-gnu-toolchain/bin/../lib/gcc/avr/5.4.0/avr5\libgcc.a(_exit.o)
                              C:/Program Files (x86)/Atmel/Studio/7.0/Packs/atmel/ATmega_DFP/1.7.374/gcc/dev/atmega32/avr5/crtatmega32.o (exit)
c:/program files (x86)/atmel/studio/7.0/toolchain/avr8/avr8-gnu-toolchain/bin/../lib/gcc/avr/5.4.0/avr5\libgcc.a(_tablejump2.o)
                              HAL/SEV_SEG/SEVSEG_interfacing.o (__tablejump2__)
c:/program files (x86)/atmel/studio/7.0/toolchain/avr8/avr8-gnu-toolchain/bin/../lib/gcc/avr/5.4.0/avr5\libgcc.a(_copy_data.o)
                              APP/main.o (__do_copy_data)
c:/program files (x86)/atmel/studio/7.0/toolchain/avr8/avr8-gnu-toolchain/bin/../lib/gcc/avr/5.4.0/avr5\libgcc.a(_clear_bss.o)
                              APP/main.o (__do_clear_bss)
c:/program files (x86)/atmel/studio/7.0/toolchain/avr8/avr8-gnu-toolchain/bin/../lib/gcc/avr/5.4.0/avr5\libgcc.a(_umulhisi3.o)
                              APP/main.o (__umulhisi3)
c:/program files (x86)/atmel/studio/7.0/toolchain/avr8/avr8-gnu-toolchain/bin/../lib/gcc/avr/5.4.0/avr5\libgcc.a(_muluhisi3.o)
                              MCAL/Timer0/TIMER.o (__muluhisi3)

Allocating common symbols
Common symbol       size              file

DEVICE_STATE        0x1               APP/main.o
HEATING_ELE_LED_STATE
                    0x1               APP/main.o
SETTING_MODE_STATE  0x1               APP/main.o
num_of_ov           0x4               MCAL/Timer0/TIMER.o
initial_value       0x4               MCAL/Timer0/TIMER.o

Discarded input sections

 .data          0x00000000        0x0 C:/Program Files (x86)/Atmel/Studio/7.0/Packs/atmel/ATmega_DFP/1.7.374/gcc/dev/atmega32/avr5/crtatmega32.o
 .bss           0x00000000        0x0 C:/Program Files (x86)/Atmel/Studio/7.0/Packs/atmel/ATmega_DFP/1.7.374/gcc/dev/atmega32/avr5/crtatmega32.o
 .text          0x00000000        0x0 APP/main.o
 .data          0x00000000        0x0 APP/main.o
 .bss           0x00000000        0x0 APP/main.o
 .text          0x00000000        0x0 HAL/Cooling_element/COOLING_ELEMENT.o
 .data          0x00000000        0x0 HAL/Cooling_element/COOLING_ELEMENT.o
 .bss           0x00000000        0x0 HAL/Cooling_element/COOLING_ELEMENT.o
 .text          0x00000000        0x0 HAL/Down_button/DOWN_BUTTON.o
 .data          0x00000000        0x0 HAL/Down_button/DOWN_BUTTON.o
 .bss           0x00000000        0x0 HAL/Down_button/DOWN_BUTTON.o
 .text          0x00000000        0x0 HAL/EEPROM/EEPROM_24C16.o
 .data          0x00000000        0x0 HAL/EEPROM/EEPROM_24C16.o
 .bss           0x00000000        0x0 HAL/EEPROM/EEPROM_24C16.o
 .text          0x00000000        0x0 HAL/Heating_element/HEATING_ELEMENT.o
 .data          0x00000000        0x0 HAL/Heating_element/HEATING_ELEMENT.o
 .bss           0x00000000        0x0 HAL/Heating_element/HEATING_ELEMENT.o
 .text          0x00000000        0x0 HAL/Heating_element_led/HEATING_ELEMENT_LED.o
 .data          0x00000000        0x0 HAL/Heating_element_led/HEATING_ELEMENT_LED.o
 .bss           0x00000000        0x0 HAL/Heating_element_led/HEATING_ELEMENT_LED.o
 .text          0x00000000        0x0 HAL/LM35/LM35_TEMP.o
 .data          0x00000000        0x0 HAL/LM35/LM35_TEMP.o
 .bss           0x00000000        0x0 HAL/LM35/LM35_TEMP.o
 .text          0x00000000        0x0 HAL/ON_OFF_Switch/ON_OFF_SWITCH.o
 .data          0x00000000        0x0 HAL/ON_OFF_Switch/ON_OFF_SWITCH.o
 .bss           0x00000000        0x0 HAL/ON_OFF_Switch/ON_OFF_SWITCH.o
 .text          0x00000000        0x0 HAL/SEV_SEG/SEVSEG_interfacing.o
 .data          0x00000000        0x0 HAL/SEV_SEG/SEVSEG_interfacing.o
 .bss           0x00000000        0x0 HAL/SEV_SEG/SEVSEG_interfacing.o
 .text          0x00000000        0x0 HAL/Up_button/UP_BUTTON.o
 .data          0x00000000        0x0 HAL/Up_button/UP_BUTTON.o
 .bss           0x00000000        0x0 HAL/Up_button/UP_BUTTON.o
 .text          0x00000000        0x0 MCAL/ADC/ADC_interfacing.o
 .data          0x00000000        0x0 MCAL/ADC/ADC_interfacing.o
 .bss           0x00000000        0x0 MCAL/ADC/ADC_interfacing.o
 .text          0x00000000        0x0 MCAL/DIO/DIO_interfacing.o
 .data          0x00000000        0x0 MCAL/DIO/DIO_interfacing.o
 .bss           0x00000000        0x0 MCAL/DIO/DIO_interfacing.o
 .text.DIO_Read
                0x00000000       0x5c MCAL/DIO/DIO_interfacing.o
 .text          0x00000000        0x0 MCAL/Ex_Interrupt/EX_INT.o
 .data          0x00000000        0x0 MCAL/Ex_Interrupt/EX_INT.o
 .bss           0x00000000        0x0 MCAL/Ex_Interrupt/EX_INT.o
 .text          0x00000000        0x0 MCAL/Timer0/TIMER.o
 .data          0x00000000        0x0 MCAL/Timer0/TIMER.o
 .bss           0x00000000        0x0 MCAL/Timer0/TIMER.o
 .text.TIMER_0_STOP
                0x00000000       0x14 MCAL/Timer0/TIMER.o
 .text          0x00000000        0x0 MCAL/TWI/TWI.o
 .data          0x00000000        0x0 MCAL/TWI/TWI.o
 .bss           0x00000000        0x0 MCAL/TWI/TWI.o
 .text.TWI_SLAVE_INIT
                0x00000000        0xc MCAL/TWI/TWI.o
 .text          0x00000000        0x0 c:/program files (x86)/atmel/studio/7.0/toolchain/avr8/avr8-gnu-toolchain/bin/../lib/gcc/avr/5.4.0/../../../../avr/lib/avr5\libm.a(fixunssfsi.o)
 .data          0x00000000        0x0 c:/program files (x86)/atmel/studio/7.0/toolchain/avr8/avr8-gnu-toolchain/bin/../lib/gcc/avr/5.4.0/../../../../avr/lib/avr5\libm.a(fixunssfsi.o)
 .bss           0x00000000        0x0 c:/program files (x86)/atmel/studio/7.0/toolchain/avr8/avr8-gnu-toolchain/bin/../lib/gcc/avr/5.4.0/../../../../avr/lib/avr5\libm.a(fixunssfsi.o)
 .text          0x00000000        0x0 c:/program files (x86)/atmel/studio/7.0/toolchain/avr8/avr8-gnu-toolchain/bin/../lib/gcc/avr/5.4.0/../../../../avr/lib/avr5\libm.a(floatsisf.o)
 .data          0x00000000        0x0 c:/program files (x86)/atmel/studio/7.0/toolchain/avr8/avr8-gnu-toolchain/bin/../lib/gcc/avr/5.4.0/../../../../avr/lib/avr5\libm.a(floatsisf.o)
 .bss           0x00000000        0x0 c:/program files (x86)/atmel/studio/7.0/toolchain/avr8/avr8-gnu-toolchain/bin/../lib/gcc/avr/5.4.0/../../../../avr/lib/avr5\libm.a(floatsisf.o)
 .text          0x00000000        0x0 c:/program files (x86)/atmel/studio/7.0/toolchain/avr8/avr8-gnu-toolchain/bin/../lib/gcc/avr/5.4.0/../../../../avr/lib/avr5\libm.a(fp_split3.o)
 .data          0x00000000        0x0 c:/program files (x86)/atmel/studio/7.0/toolchain/avr8/avr8-gnu-toolchain/bin/../lib/gcc/avr/5.4.0/../../../../avr/lib/avr5\libm.a(fp_split3.o)
 .bss           0x00000000        0x0 c:/program files (x86)/atmel/studio/7.0/toolchain/avr8/avr8-gnu-toolchain/bin/../lib/gcc/avr/5.4.0/../../../../avr/lib/avr5\libm.a(fp_split3.o)
 .text          0x00000000        0x0 c:/program files (x86)/atmel/studio/7.0/toolchain/avr8/avr8-gnu-toolchain/bin/../lib/gcc/avr/5.4.0/../../../../avr/lib/avr5\libm.a(fp_zero.o)
 .data          0x00000000        0x0 c:/program files (x86)/atmel/studio/7.0/toolchain/avr8/avr8-gnu-toolchain/bin/../lib/gcc/avr/5.4.0/../../../../avr/lib/avr5\libm.a(fp_zero.o)
 .bss           0x00000000        0x0 c:/program files (x86)/atmel/studio/7.0/toolchain/avr8/avr8-gnu-toolchain/bin/../lib/gcc/avr/5.4.0/../../../../avr/lib/avr5\libm.a(fp_zero.o)
 .text          0x00000000        0x0 c:/program files (x86)/atmel/studio/7.0/toolchain/avr8/avr8-gnu-toolchain/bin/../lib/gcc/avr/5.4.0/../../../../avr/lib/avr5\libm.a(mulsf3.o)
 .data          0x00000000        0x0 c:/program files (x86)/atmel/studio/7.0/toolchain/avr8/avr8-gnu-toolchain/bin/../lib/gcc/avr/5.4.0/../../../../avr/lib/avr5\libm.a(mulsf3.o)
 .bss           0x00000000        0x0 c:/program files (x86)/atmel/studio/7.0/toolchain/avr8/avr8-gnu-toolchain/bin/../lib/gcc/avr/5.4.0/../../../../avr/lib/avr5\libm.a(mulsf3.o)
 .text          0x00000000        0x0 c:/program files (x86)/atmel/studio/7.0/toolchain/avr8/avr8-gnu-toolchain/bin/../lib/gcc/avr/5.4.0/../../../../avr/lib/avr5\libm.a(mulsf3x.o)
 .data          0x00000000        0x0 c:/program files (x86)/atmel/studio/7.0/toolchain/avr8/avr8-gnu-toolchain/bin/../lib/gcc/avr/5.4.0/../../../../avr/lib/avr5\libm.a(mulsf3x.o)
 .bss           0x00000000        0x0 c:/program files (x86)/atmel/studio/7.0/toolchain/avr8/avr8-gnu-toolchain/bin/../lib/gcc/avr/5.4.0/../../../../avr/lib/avr5\libm.a(mulsf3x.o)
 .text          0x00000000        0x0 c:/program files (x86)/atmel/studio/7.0/toolchain/avr8/avr8-gnu-toolchain/bin/../lib/gcc/avr/5.4.0/../../../../avr/lib/avr5\libm.a(fp_inf.o)
 .data          0x00000000        0x0 c:/program files (x86)/atmel/studio/7.0/toolchain/avr8/avr8-gnu-toolchain/bin/../lib/gcc/avr/5.4.0/../../../../avr/lib/avr5\libm.a(fp_inf.o)
 .bss           0x00000000        0x0 c:/program files (x86)/atmel/studio/7.0/toolchain/avr8/avr8-gnu-toolchain/bin/../lib/gcc/avr/5.4.0/../../../../avr/lib/avr5\libm.a(fp_inf.o)
 .text          0x00000000        0x0 c:/program files (x86)/atmel/studio/7.0/toolchain/avr8/avr8-gnu-toolchain/bin/../lib/gcc/avr/5.4.0/../../../../avr/lib/avr5\libm.a(fp_nan.o)
 .data          0x00000000        0x0 c:/program files (x86)/atmel/studio/7.0/toolchain/avr8/avr8-gnu-toolchain/bin/../lib/gcc/avr/5.4.0/../../../../avr/lib/avr5\libm.a(fp_nan.o)
 .bss           0x00000000        0x0 c:/program files (x86)/atmel/studio/7.0/toolchain/avr8/avr8-gnu-toolchain/bin/../lib/gcc/avr/5.4.0/../../../../avr/lib/avr5\libm.a(fp_nan.o)
 .text          0x00000000        0x0 c:/program files (x86)/atmel/studio/7.0/toolchain/avr8/avr8-gnu-toolchain/bin/../lib/gcc/avr/5.4.0/../../../../avr/lib/avr5\libm.a(fp_pscA.o)
 .data          0x00000000        0x0 c:/program files (x86)/atmel/studio/7.0/toolchain/avr8/avr8-gnu-toolchain/bin/../lib/gcc/avr/5.4.0/../../../../avr/lib/avr5\libm.a(fp_pscA.o)
 .bss           0x00000000        0x0 c:/program files (x86)/atmel/studio/7.0/toolchain/avr8/avr8-gnu-toolchain/bin/../lib/gcc/avr/5.4.0/../../../../avr/lib/avr5\libm.a(fp_pscA.o)
 .text          0x00000000        0x0 c:/program files (x86)/atmel/studio/7.0/toolchain/avr8/avr8-gnu-toolchain/bin/../lib/gcc/avr/5.4.0/../../../../avr/lib/avr5\libm.a(fp_pscB.o)
 .data          0x00000000        0x0 c:/program files (x86)/atmel/studio/7.0/toolchain/avr8/avr8-gnu-toolchain/bin/../lib/gcc/avr/5.4.0/../../../../avr/lib/avr5\libm.a(fp_pscB.o)
 .bss           0x00000000        0x0 c:/program files (x86)/atmel/studio/7.0/toolchain/avr8/avr8-gnu-toolchain/bin/../lib/gcc/avr/5.4.0/../../../../avr/lib/avr5\libm.a(fp_pscB.o)
 .text          0x00000000        0x0 c:/program files (x86)/atmel/studio/7.0/toolchain/avr8/avr8-gnu-toolchain/bin/../lib/gcc/avr/5.4.0/../../../../avr/lib/avr5\libm.a(fp_round.o)
 .data          0x00000000        0x0 c:/program files (x86)/atmel/studio/7.0/toolchain/avr8/avr8-gnu-toolchain/bin/../lib/gcc/avr/5.4.0/../../../../avr/lib/avr5\libm.a(fp_round.o)
 .bss           0x00000000        0x0 c:/program files (x86)/atmel/studio/7.0/toolchain/avr8/avr8-gnu-toolchain/bin/../lib/gcc/avr/5.4.0/../../../../avr/lib/avr5\libm.a(fp_round.o)
 .text          0x00000000        0x0 c:/program files (x86)/atmel/studio/7.0/toolchain/avr8/avr8-gnu-toolchain/bin/../lib/gcc/avr/5.4.0/avr5\libgcc.a(_exit.o)
 .data          0x00000000        0x0 c:/program files (x86)/atmel/studio/7.0/toolchain/avr8/avr8-gnu-toolchain/bin/../lib/gcc/avr/5.4.0/avr5\libgcc.a(_exit.o)
 .bss           0x00000000        0x0 c:/program files (x86)/atmel/studio/7.0/toolchain/avr8/avr8-gnu-toolchain/bin/../lib/gcc/avr/5.4.0/avr5\libgcc.a(_exit.o)
 .text.libgcc.mul
                0x00000000        0x0 c:/program files (x86)/atmel/studio/7.0/toolchain/avr8/avr8-gnu-toolchain/bin/../lib/gcc/avr/5.4.0/avr5\libgcc.a(_exit.o)
 .text.libgcc.div
                0x00000000        0x0 c:/program files (x86)/atmel/studio/7.0/toolchain/avr8/avr8-gnu-toolchain/bin/../lib/gcc/avr/5.4.0/avr5\libgcc.a(_exit.o)
 .text.libgcc   0x00000000        0x0 c:/program files (x86)/atmel/studio/7.0/toolchain/avr8/avr8-gnu-toolchain/bin/../lib/gcc/avr/5.4.0/avr5\libgcc.a(_exit.o)
 .text.libgcc.prologue
                0x00000000        0x0 c:/program files (x86)/atmel/studio/7.0/toolchain/avr8/avr8-gnu-toolchain/bin/../lib/gcc/avr/5.4.0/avr5\libgcc.a(_exit.o)
 .text.libgcc.builtins
                0x00000000        0x0 c:/program files (x86)/atmel/studio/7.0/toolchain/avr8/avr8-gnu-toolchain/bin/../lib/gcc/avr/5.4.0/avr5\libgcc.a(_exit.o)
 .text.libgcc.fmul
                0x00000000        0x0 c:/program files (x86)/atmel/studio/7.0/toolchain/avr8/avr8-gnu-toolchain/bin/../lib/gcc/avr/5.4.0/avr5\libgcc.a(_exit.o)
 .text.libgcc.fixed
                0x00000000        0x0 c:/program files (x86)/atmel/studio/7.0/toolchain/avr8/avr8-gnu-toolchain/bin/../lib/gcc/avr/5.4.0/avr5\libgcc.a(_exit.o)
 .text          0x00000000        0x0 c:/program files (x86)/atmel/studio/7.0/toolchain/avr8/avr8-gnu-toolchain/bin/../lib/gcc/avr/5.4.0/avr5\libgcc.a(_tablejump2.o)
 .data          0x00000000        0x0 c:/program files (x86)/atmel/studio/7.0/toolchain/avr8/avr8-gnu-toolchain/bin/../lib/gcc/avr/5.4.0/avr5\libgcc.a(_tablejump2.o)
 .bss           0x00000000        0x0 c:/program files (x86)/atmel/studio/7.0/toolchain/avr8/avr8-gnu-toolchain/bin/../lib/gcc/avr/5.4.0/avr5\libgcc.a(_tablejump2.o)
 .text.libgcc.mul
                0x00000000        0x0 c:/program files (x86)/atmel/studio/7.0/toolchain/avr8/avr8-gnu-toolchain/bin/../lib/gcc/avr/5.4.0/avr5\libgcc.a(_tablejump2.o)
 .text.libgcc.div
                0x00000000        0x0 c:/program files (x86)/atmel/studio/7.0/toolchain/avr8/avr8-gnu-toolchain/bin/../lib/gcc/avr/5.4.0/avr5\libgcc.a(_tablejump2.o)
 .text.libgcc.prologue
                0x00000000        0x0 c:/program files (x86)/atmel/studio/7.0/toolchain/avr8/avr8-gnu-toolchain/bin/../lib/gcc/avr/5.4.0/avr5\libgcc.a(_tablejump2.o)
 .text.libgcc.builtins
                0x00000000        0x0 c:/program files (x86)/atmel/studio/7.0/toolchain/avr8/avr8-gnu-toolchain/bin/../lib/gcc/avr/5.4.0/avr5\libgcc.a(_tablejump2.o)
 .text.libgcc.fmul
                0x00000000        0x0 c:/program files (x86)/atmel/studio/7.0/toolchain/avr8/avr8-gnu-toolchain/bin/../lib/gcc/avr/5.4.0/avr5\libgcc.a(_tablejump2.o)
 .text.libgcc.fixed
                0x00000000        0x0 c:/program files (x86)/atmel/studio/7.0/toolchain/avr8/avr8-gnu-toolchain/bin/../lib/gcc/avr/5.4.0/avr5\libgcc.a(_tablejump2.o)
 .text          0x00000000        0x0 c:/program files (x86)/atmel/studio/7.0/toolchain/avr8/avr8-gnu-toolchain/bin/../lib/gcc/avr/5.4.0/avr5\libgcc.a(_copy_data.o)
 .data          0x00000000        0x0 c:/program files (x86)/atmel/studio/7.0/toolchain/avr8/avr8-gnu-toolchain/bin/../lib/gcc/avr/5.4.0/avr5\libgcc.a(_copy_data.o)
 .bss           0x00000000        0x0 c:/program files (x86)/atmel/studio/7.0/toolchain/avr8/avr8-gnu-toolchain/bin/../lib/gcc/avr/5.4.0/avr5\libgcc.a(_copy_data.o)
 .text.libgcc.mul
                0x00000000        0x0 c:/program files (x86)/atmel/studio/7.0/toolchain/avr8/avr8-gnu-toolchain/bin/../lib/gcc/avr/5.4.0/avr5\libgcc.a(_copy_data.o)
 .text.libgcc.div
                0x00000000        0x0 c:/program files (x86)/atmel/studio/7.0/toolchain/avr8/avr8-gnu-toolchain/bin/../lib/gcc/avr/5.4.0/avr5\libgcc.a(_copy_data.o)
 .text.libgcc   0x00000000        0x0 c:/program files (x86)/atmel/studio/7.0/toolchain/avr8/avr8-gnu-toolchain/bin/../lib/gcc/avr/5.4.0/avr5\libgcc.a(_copy_data.o)
 .text.libgcc.prologue
                0x00000000        0x0 c:/program files (x86)/atmel/studio/7.0/toolchain/avr8/avr8-gnu-toolchain/bin/../lib/gcc/avr/5.4.0/avr5\libgcc.a(_copy_data.o)
 .text.libgcc.builtins
                0x00000000        0x0 c:/program files (x86)/atmel/studio/7.0/toolchain/avr8/avr8-gnu-toolchain/bin/../lib/gcc/avr/5.4.0/avr5\libgcc.a(_copy_data.o)
 .text.libgcc.fmul
                0x00000000        0x0 c:/program files (x86)/atmel/studio/7.0/toolchain/avr8/avr8-gnu-toolchain/bin/../lib/gcc/avr/5.4.0/avr5\libgcc.a(_copy_data.o)
 .text.libgcc.fixed
                0x00000000        0x0 c:/program files (x86)/atmel/studio/7.0/toolchain/avr8/avr8-gnu-toolchain/bin/../lib/gcc/avr/5.4.0/avr5\libgcc.a(_copy_data.o)
 .text          0x00000000        0x0 c:/program files (x86)/atmel/studio/7.0/toolchain/avr8/avr8-gnu-toolchain/bin/../lib/gcc/avr/5.4.0/avr5\libgcc.a(_clear_bss.o)
 .data          0x00000000        0x0 c:/program files (x86)/atmel/studio/7.0/toolchain/avr8/avr8-gnu-toolchain/bin/../lib/gcc/avr/5.4.0/avr5\libgcc.a(_clear_bss.o)
 .bss           0x00000000        0x0 c:/program files (x86)/atmel/studio/7.0/toolchain/avr8/avr8-gnu-toolchain/bin/../lib/gcc/avr/5.4.0/avr5\libgcc.a(_clear_bss.o)
 .text.libgcc.mul
                0x00000000        0x0 c:/program files (x86)/atmel/studio/7.0/toolchain/avr8/avr8-gnu-toolchain/bin/../lib/gcc/avr/5.4.0/avr5\libgcc.a(_clear_bss.o)
 .text.libgcc.div
                0x00000000        0x0 c:/program files (x86)/atmel/studio/7.0/toolchain/avr8/avr8-gnu-toolchain/bin/../lib/gcc/avr/5.4.0/avr5\libgcc.a(_clear_bss.o)
 .text.libgcc   0x00000000        0x0 c:/program files (x86)/atmel/studio/7.0/toolchain/avr8/avr8-gnu-toolchain/bin/../lib/gcc/avr/5.4.0/avr5\libgcc.a(_clear_bss.o)
 .text.libgcc.prologue
                0x00000000        0x0 c:/program files (x86)/atmel/studio/7.0/toolchain/avr8/avr8-gnu-toolchain/bin/../lib/gcc/avr/5.4.0/avr5\libgcc.a(_clear_bss.o)
 .text.libgcc.builtins
                0x00000000        0x0 c:/program files (x86)/atmel/studio/7.0/toolchain/avr8/avr8-gnu-toolchain/bin/../lib/gcc/avr/5.4.0/avr5\libgcc.a(_clear_bss.o)
 .text.libgcc.fmul
                0x00000000        0x0 c:/program files (x86)/atmel/studio/7.0/toolchain/avr8/avr8-gnu-toolchain/bin/../lib/gcc/avr/5.4.0/avr5\libgcc.a(_clear_bss.o)
 .text.libgcc.fixed
                0x00000000        0x0 c:/program files (x86)/atmel/studio/7.0/toolchain/avr8/avr8-gnu-toolchain/bin/../lib/gcc/avr/5.4.0/avr5\libgcc.a(_clear_bss.o)
 .text          0x00000000        0x0 c:/program files (x86)/atmel/studio/7.0/toolchain/avr8/avr8-gnu-toolchain/bin/../lib/gcc/avr/5.4.0/avr5\libgcc.a(_umulhisi3.o)
 .data          0x00000000        0x0 c:/program files (x86)/atmel/studio/7.0/toolchain/avr8/avr8-gnu-toolchain/bin/../lib/gcc/avr/5.4.0/avr5\libgcc.a(_umulhisi3.o)
 .bss           0x00000000        0x0 c:/program files (x86)/atmel/studio/7.0/toolchain/avr8/avr8-gnu-toolchain/bin/../lib/gcc/avr/5.4.0/avr5\libgcc.a(_umulhisi3.o)
 .text.libgcc.div
                0x00000000        0x0 c:/program files (x86)/atmel/studio/7.0/toolchain/avr8/avr8-gnu-toolchain/bin/../lib/gcc/avr/5.4.0/avr5\libgcc.a(_umulhisi3.o)
 .text.libgcc   0x00000000        0x0 c:/program files (x86)/atmel/studio/7.0/toolchain/avr8/avr8-gnu-toolchain/bin/../lib/gcc/avr/5.4.0/avr5\libgcc.a(_umulhisi3.o)
 .text.libgcc.prologue
                0x00000000        0x0 c:/program files (x86)/atmel/studio/7.0/toolchain/avr8/avr8-gnu-toolchain/bin/../lib/gcc/avr/5.4.0/avr5\libgcc.a(_umulhisi3.o)
 .text.libgcc.builtins
                0x00000000        0x0 c:/program files (x86)/atmel/studio/7.0/toolchain/avr8/avr8-gnu-toolchain/bin/../lib/gcc/avr/5.4.0/avr5\libgcc.a(_umulhisi3.o)
 .text.libgcc.fmul
                0x00000000        0x0 c:/program files (x86)/atmel/studio/7.0/toolchain/avr8/avr8-gnu-toolchain/bin/../lib/gcc/avr/5.4.0/avr5\libgcc.a(_umulhisi3.o)
 .text.libgcc.fixed
                0x00000000        0x0 c:/program files (x86)/atmel/studio/7.0/toolchain/avr8/avr8-gnu-toolchain/bin/../lib/gcc/avr/5.4.0/avr5\libgcc.a(_umulhisi3.o)
 .text          0x00000000        0x0 c:/program files (x86)/atmel/studio/7.0/toolchain/avr8/avr8-gnu-toolchain/bin/../lib/gcc/avr/5.4.0/avr5\libgcc.a(_muluhisi3.o)
 .data          0x00000000        0x0 c:/program files (x86)/atmel/studio/7.0/toolchain/avr8/avr8-gnu-toolchain/bin/../lib/gcc/avr/5.4.0/avr5\libgcc.a(_muluhisi3.o)
 .bss           0x00000000        0x0 c:/program files (x86)/atmel/studio/7.0/toolchain/avr8/avr8-gnu-toolchain/bin/../lib/gcc/avr/5.4.0/avr5\libgcc.a(_muluhisi3.o)
 .text.libgcc.div
                0x00000000        0x0 c:/program files (x86)/atmel/studio/7.0/toolchain/avr8/avr8-gnu-toolchain/bin/../lib/gcc/avr/5.4.0/avr5\libgcc.a(_muluhisi3.o)
 .text.libgcc   0x00000000        0x0 c:/program files (x86)/atmel/studio/7.0/toolchain/avr8/avr8-gnu-toolchain/bin/../lib/gcc/avr/5.4.0/avr5\libgcc.a(_muluhisi3.o)
 .text.libgcc.prologue
                0x00000000        0x0 c:/program files (x86)/atmel/studio/7.0/toolchain/avr8/avr8-gnu-toolchain/bin/../lib/gcc/avr/5.4.0/avr5\libgcc.a(_muluhisi3.o)
 .text.libgcc.builtins
                0x00000000        0x0 c:/program files (x86)/atmel/studio/7.0/toolchain/avr8/avr8-gnu-toolchain/bin/../lib/gcc/avr/5.4.0/avr5\libgcc.a(_muluhisi3.o)
 .text.libgcc.fmul
                0x00000000        0x0 c:/program files (x86)/atmel/studio/7.0/toolchain/avr8/avr8-gnu-toolchain/bin/../lib/gcc/avr/5.4.0/avr5\libgcc.a(_muluhisi3.o)
 .text.libgcc.fixed
                0x00000000        0x0 c:/program files (x86)/atmel/studio/7.0/toolchain/avr8/avr8-gnu-toolchain/bin/../lib/gcc/avr/5.4.0/avr5\libgcc.a(_muluhisi3.o)

Memory Configuration

Name             Origin             Length             Attributes
text             0x00000000         0x00008000         xr
data             0x00800060         0x00000800         rw !x
eeprom           0x00810000         0x00000400         rw !x
fuse             0x00820000         0x00000002         rw !x
lock             0x00830000         0x00000400         rw !x
signature        0x00840000         0x00000400         rw !x
user_signatures  0x00850000         0x00000400         rw !x
*default*        0x00000000         0xffffffff

Linker script and memory map

LOAD C:/Program Files (x86)/Atmel/Studio/7.0/Packs/atmel/ATmega_DFP/1.7.374/gcc/dev/atmega32/avr5/crtatmega32.o
LOAD APP/main.o
LOAD HAL/Cooling_element/COOLING_ELEMENT.o
LOAD HAL/Down_button/DOWN_BUTTON.o
LOAD HAL/EEPROM/EEPROM_24C16.o
LOAD HAL/Heating_element/HEATING_ELEMENT.o
LOAD HAL/Heating_element_led/HEATING_ELEMENT_LED.o
LOAD HAL/LM35/LM35_TEMP.o
LOAD HAL/ON_OFF_Switch/ON_OFF_SWITCH.o
LOAD HAL/SEV_SEG/SEVSEG_interfacing.o
LOAD HAL/Up_button/UP_BUTTON.o
LOAD MCAL/ADC/ADC_interfacing.o
LOAD MCAL/DIO/DIO_interfacing.o
LOAD MCAL/Ex_Interrupt/EX_INT.o
LOAD MCAL/Timer0/TIMER.o
LOAD MCAL/TWI/TWI.o
START GROUP
LOAD c:/program files (x86)/atmel/studio/7.0/toolchain/avr8/avr8-gnu-toolchain/bin/../lib/gcc/avr/5.4.0/../../../../avr/lib/avr5\libm.a
END GROUP
START GROUP
LOAD c:/program files (x86)/atmel/studio/7.0/toolchain/avr8/avr8-gnu-toolchain/bin/../lib/gcc/avr/5.4.0/avr5\libgcc.a
LOAD c:/program files (x86)/atmel/studio/7.0/toolchain/avr8/avr8-gnu-toolchain/bin/../lib/gcc/avr/5.4.0/../../../../avr/lib/avr5\libm.a
LOAD c:/program files (x86)/atmel/studio/7.0/toolchain/avr8/avr8-gnu-toolchain/bin/../lib/gcc/avr/5.4.0/../../../../avr/lib/avr5\libc.a
LOAD C:/Program Files (x86)/Atmel/Studio/7.0/Packs/atmel/ATmega_DFP/1.7.374/gcc/dev/atmega32/avr5\libatmega32.a
END GROUP
                0x00000000                __TEXT_REGION_ORIGIN__ = DEFINED (__TEXT_REGION_ORIGIN__)?__TEXT_REGION_ORIGIN__:0x0
                [0x00800060]                __DATA_REGION_ORIGIN__ = DEFINED (__DATA_REGION_ORIGIN__)?__DATA_REGION_ORIGIN__:0x800060
                [0x00008000]                __TEXT_REGION_LENGTH__ = DEFINED (__TEXT_REGION_LENGTH__)?__TEXT_REGION_LENGTH__:0x20000
                [0x00000800]                __DATA_REGION_LENGTH__ = DEFINED (__DATA_REGION_LENGTH__)?__DATA_REGION_LENGTH__:0xffa0
                [0x00000400]                __EEPROM_REGION_LENGTH__ = DEFINED (__EEPROM_REGION_LENGTH__)?__EEPROM_REGION_LENGTH__:0x10000
                [0x00000002]                __FUSE_REGION_LENGTH__ = DEFINED (__FUSE_REGION_LENGTH__)?__FUSE_REGION_LENGTH__:0x400
                0x00000400                __LOCK_REGION_LENGTH__ = DEFINED (__LOCK_REGION_LENGTH__)?__LOCK_REGION_LENGTH__:0x400
                0x00000400                __SIGNATURE_REGION_LENGTH__ = DEFINED (__SIGNATURE_REGION_LENGTH__)?__SIGNATURE_REGION_LENGTH__:0x400
                0x00000400                __USER_SIGNATURE_REGION_LENGTH__ = DEFINED (__USER_SIGNATURE_REGION_LENGTH__)?__USER_SIGNATURE_REGION_LENGTH__:0x400

.hash
 *(.hash)

.dynsym
 *(.dynsym)

.dynstr
 *(.dynstr)

.gnu.version
 *(.gnu.version)

.gnu.version_d
 *(.gnu.version_d)

.gnu.version_r
 *(.gnu.version_r)

.rel.init
 *(.rel.init)

.rela.init
 *(.rela.init)

.rel.text
 *(.rel.text)
 *(.rel.text.*)
 *(.rel.gnu.linkonce.t*)

.rela.text
 *(.rela.text)
 *(.rela.text.*)
 *(.rela.gnu.linkonce.t*)

.rel.fini
 *(.rel.fini)

.rela.fini
 *(.rela.fini)

.rel.rodata
 *(.rel.rodata)
 *(.rel.rodata.*)
 *(.rel.gnu.linkonce.r*)

.rela.rodata
 *(.rela.rodata)
 *(.rela.rodata.*)
 *(.rela.gnu.linkonce.r*)

.rel.data
 *(.rel.data)
 *(.rel.data.*)
 *(.rel.gnu.linkonce.d*)

.rela.data
 *(.rela.data)
 *(.rela.data.*)
 *(.rela.gnu.linkonce.d*)

.rel.ctors
 *(.rel.ctors)

.rela.ctors
 *(.rela.ctors)

.rel.dtors
 *(.rel.dtors)

.rela.dtors
 *(.rela.dtors)

.rel.got
 *(.rel.got)

.rela.got
 *(.rela.got)

.rel.bss
 *(.rel.bss)

.rela.bss
 *(.rela.bss)

.rel.plt
 *(.rel.plt)

.rela.plt
 *(.rela.plt)

.text           0x00000000     0x1274
 *(.vectors)
 .vectors       0x00000000       0x54 C:/Program Files (x86)/Atmel/Studio/7.0/Packs/atmel/ATmega_DFP/1.7.374/gcc/dev/atmega32/avr5/crtatmega32.o
                0x00000000                __vector_default
                0x00000000                __vectors
 *(.vectors)
 *(.progmem.gcc*)
 .progmem.gcc_sw_table.SEVSEG_Display
                0x00000054       0x28 HAL/SEV_SEG/SEVSEG_interfacing.o
                0x0000007c                . = ALIGN (0x2)
                0x0000007c                __trampolines_start = .
 *(.trampolines)
 .trampolines   0x0000007c        0x0 linker stubs
 *(.trampolines*)
                0x0000007c                __trampolines_end = .
 *libprintf_flt.a:*(.progmem.data)
 *libc.a:*(.progmem.data)
 *(.progmem*)
                0x0000007c                . = ALIGN (0x2)
 *(.jumptables)
 *(.jumptables*)
 *(.lowtext)
 *(.lowtext*)
                0x0000007c                __ctors_start = .
 *(.ctors)
                0x0000007c                __ctors_end = .
                0x0000007c                __dtors_start = .
 *(.dtors)
                0x0000007c                __dtors_end = .
 SORT(*)(.ctors)
 SORT(*)(.dtors)
 *(.init0)
 .init0         0x0000007c        0x0 C:/Program Files (x86)/Atmel/Studio/7.0/Packs/atmel/ATmega_DFP/1.7.374/gcc/dev/atmega32/avr5/crtatmega32.o
                0x0000007c                __init
 *(.init0)
 *(.init1)
 *(.init1)
 *(.init2)
 .init2         0x0000007c        0xc C:/Program Files (x86)/Atmel/Studio/7.0/Packs/atmel/ATmega_DFP/1.7.374/gcc/dev/atmega32/avr5/crtatmega32.o
 *(.init2)
 *(.init3)
 *(.init3)
 *(.init4)
 .init4         0x00000088       0x16 c:/program files (x86)/atmel/studio/7.0/toolchain/avr8/avr8-gnu-toolchain/bin/../lib/gcc/avr/5.4.0/avr5\libgcc.a(_copy_data.o)
                0x00000088                __do_copy_data
 .init4         0x0000009e       0x10 c:/program files (x86)/atmel/studio/7.0/toolchain/avr8/avr8-gnu-toolchain/bin/../lib/gcc/avr/5.4.0/avr5\libgcc.a(_clear_bss.o)
                0x0000009e                __do_clear_bss
 *(.init4)
 *(.init5)
 *(.init5)
 *(.init6)
 *(.init6)
 *(.init7)
 *(.init7)
 *(.init8)
 *(.init8)
 *(.init9)
 .init9         0x000000ae        0x8 C:/Program Files (x86)/Atmel/Studio/7.0/Packs/atmel/ATmega_DFP/1.7.374/gcc/dev/atmega32/avr5/crtatmega32.o
 *(.init9)
 *(.text)
 .text          0x000000b6        0x4 C:/Program Files (x86)/Atmel/Studio/7.0/Packs/atmel/ATmega_DFP/1.7.374/gcc/dev/atmega32/avr5/crtatmega32.o
                0x000000b6                __vector_12
                0x000000b6                __bad_interrupt
                0x000000b6                __vector_6
                0x000000b6                __vector_13
                0x000000b6                __vector_17
                0x000000b6                __vector_19
                0x000000b6                __vector_7
                0x000000b6                __vector_5
                0x000000b6                __vector_4
                0x000000b6                __vector_9
                0x000000b6                __vector_15
                0x000000b6                __vector_8
                0x000000b6                __vector_14
                0x000000b6                __vector_10
                0x000000b6                __vector_16
                0x000000b6                __vector_18
                0x000000b6                __vector_20
                0x000000ba                . = ALIGN (0x2)
 *(.text.*)
 .text.main     0x000000ba       0xfc APP/main.o
                0x000000ba                main
 .text.__vector_1
                0x000001b6       0x28 APP/main.o
                0x000001b6                __vector_1
 .text.__vector_2
                0x000001de       0x86 APP/main.o
                0x000001de                __vector_2
 .text.__vector_3
                0x00000264       0x86 APP/main.o
                0x00000264                __vector_3
 .text.__vector_11
                0x000002ea      0x27e APP/main.o
                0x000002ea                __vector_11
 .text.COOLING_ELEMENT_INIT
                0x00000568        0xc HAL/Cooling_element/COOLING_ELEMENT.o
                0x00000568                COOLING_ELEMENT_INIT
 .text.COOLING_ELEMENT_ON
                0x00000574        0xc HAL/Cooling_element/COOLING_ELEMENT.o
                0x00000574                COOLING_ELEMENT_ON
 .text.COOLING_ELEMENT_OFF
                0x00000580        0xc HAL/Cooling_element/COOLING_ELEMENT.o
                0x00000580                COOLING_ELEMENT_OFF
 .text.DOWN_BUTTON_INIT
                0x0000058c        0x6 HAL/Down_button/DOWN_BUTTON.o
                0x0000058c                DOWN_BUTTON_INIT
 .text.EEPROM_24C16_INIT
                0x00000592        0x6 HAL/EEPROM/EEPROM_24C16.o
                0x00000592                EEPROM_24C16_INIT
 .text.EEPROM_24C16_WRITE
                0x00000598       0x34 HAL/EEPROM/EEPROM_24C16.o
                0x00000598                EEPROM_24C16_WRITE
 .text.EEPROM_24C16_READ
                0x000005cc       0x2e HAL/EEPROM/EEPROM_24C16.o
                0x000005cc                EEPROM_24C16_READ
 .text.HEATING_ELEMENT_INIT
                0x000005fa        0xc HAL/Heating_element/HEATING_ELEMENT.o
                0x000005fa                HEATING_ELEMENT_INIT
 .text.HEATING_ELEMENT_ON
                0x00000606        0xc HAL/Heating_element/HEATING_ELEMENT.o
                0x00000606                HEATING_ELEMENT_ON
 .text.HEATING_ELEMENT_OFF
                0x00000612        0xc HAL/Heating_element/HEATING_ELEMENT.o
                0x00000612                HEATING_ELEMENT_OFF
 .text.HEATING_ELEMENT_LED_INIT
                0x0000061e        0xc HAL/Heating_element_led/HEATING_ELEMENT_LED.o
                0x0000061e                HEATING_ELEMENT_LED_INIT
 .text.HEATING_ELEMENT_LED_ON
                0x0000062a        0xc HAL/Heating_element_led/HEATING_ELEMENT_LED.o
                0x0000062a                HEATING_ELEMENT_LED_ON
 .text.HEATING_ELEMENT_LED_OFF
                0x00000636        0xc HAL/Heating_element_led/HEATING_ELEMENT_LED.o
                0x00000636                HEATING_ELEMENT_LED_OFF
 .text.HEATING_ELEMENT_LED_TOGGLE
                0x00000642        0xa HAL/Heating_element_led/HEATING_ELEMENT_LED.o
                0x00000642                HEATING_ELEMENT_LED_TOGGLE
 .text.TEMP_S_INIT
                0x0000064c        0x6 HAL/LM35/LM35_TEMP.o
                0x0000064c                TEMP_S_INIT
 .text.TEMP_S_READ
                0x00000652       0x40 HAL/LM35/LM35_TEMP.o
                0x00000652                TEMP_S_READ
 .text.ON_OFF_SWITCH_INIT
                0x00000692        0x6 HAL/ON_OFF_Switch/ON_OFF_SWITCH.o
                0x00000692                ON_OFF_SWITCH_INIT
 .text.SEVSEG_intialize
                0x00000698       0x66 HAL/SEV_SEG/SEVSEG_interfacing.o
                0x00000698                SEVSEG_intialize
 .text.SEVSEG_ON
                0x000006fe       0x16 HAL/SEV_SEG/SEVSEG_interfacing.o
                0x000006fe                SEVSEG_ON
 .text.SEVSEG_OFF
                0x00000714       0x16 HAL/SEV_SEG/SEVSEG_interfacing.o
                0x00000714                SEVSEG_OFF
 .text.SEVSEG_TOGGLE
                0x0000072a       0x12 HAL/SEV_SEG/SEVSEG_interfacing.o
                0x0000072a                SEVSEG_TOGGLE
 .text.SEVSEG_Display
                0x0000073c      0x39a HAL/SEV_SEG/SEVSEG_interfacing.o
                0x0000073c                SEVSEG_Display
 .text.UP_BUTTON_INIT
                0x00000ad6        0x6 HAL/Up_button/UP_BUTTON.o
                0x00000ad6                UP_BUTTON_INIT
 .text.ADC_intialize
                0x00000adc       0x32 MCAL/ADC/ADC_interfacing.o
                0x00000adc                ADC_intialize
 .text.ADC_Read
                0x00000b0e       0x2e MCAL/ADC/ADC_interfacing.o
                0x00000b0e                ADC_Read
 .text.DIO_Direction
                0x00000b3c       0xf2 MCAL/DIO/DIO_interfacing.o
                0x00000b3c                DIO_Direction
 .text.DIO_value
                0x00000c2e       0xf2 MCAL/DIO/DIO_interfacing.o
                0x00000c2e                DIO_value
 .text.DIO_TGL  0x00000d20       0x68 MCAL/DIO/DIO_interfacing.o
                0x00000d20                DIO_TGL
 .text.EXTERNAL_INT_0_INIT
                0x00000d88       0x1a MCAL/Ex_Interrupt/EX_INT.o
                0x00000d88                EXTERNAL_INT_0_INIT
 .text.EXTERNAL_INT_1_INIT
                0x00000da2       0x1a MCAL/Ex_Interrupt/EX_INT.o
                0x00000da2                EXTERNAL_INT_1_INIT
 .text.EXTERNAL_INT_2_INIT
                0x00000dbc       0x14 MCAL/Ex_Interrupt/EX_INT.o
                0x00000dbc                EXTERNAL_INT_2_INIT
 .text.TIMER_0_INIT
                0x00000dd0       0x1a MCAL/Timer0/TIMER.o
                0x00000dd0                TIMER_0_INIT
 .text.TIMER_0_SET_TIME
                0x00000dea       0x9e MCAL/Timer0/TIMER.o
                0x00000dea                TIMER_0_SET_TIME
 .text.TIMER_0_START
                0x00000e88       0x14 MCAL/Timer0/TIMER.o
                0x00000e88                TIMER_0_START
 .text.TWI_MASTER_INIT
                0x00000e9c       0x1e MCAL/TWI/TWI.o
                0x00000e9c                TWI_MASTER_INIT
 .text.TWI_START_CONDETION
                0x00000eba       0x2e MCAL/TWI/TWI.o
                0x00000eba                TWI_START_CONDETION
 .text.TWI_REPEATED_START
                0x00000ee8       0x2e MCAL/TWI/TWI.o
                0x00000ee8                TWI_REPEATED_START
 .text.TWI_SEND_SLAVE_ADDRESS_WRITE
                0x00000f16       0x1a MCAL/TWI/TWI.o
                0x00000f16                TWI_SEND_SLAVE_ADDRESS_WRITE
 .text.TWI_SEND_SLAVE_ADDRESS_READ
                0x00000f30       0x32 MCAL/TWI/TWI.o
                0x00000f30                TWI_SEND_SLAVE_ADDRESS_READ
 .text.TWI_SEND_DATA
                0x00000f62       0x30 MCAL/TWI/TWI.o
                0x00000f62                TWI_SEND_DATA
 .text.TWI_READ_DATA
                0x00000f92       0x3c MCAL/TWI/TWI.o
                0x00000f92                TWI_READ_DATA
 .text.TWI_STOP_CONDETION
                0x00000fce        0xe MCAL/TWI/TWI.o
                0x00000fce                TWI_STOP_CONDETION
 .text.avr-libc.fplib
                0x00000fdc       0x5e c:/program files (x86)/atmel/studio/7.0/toolchain/avr8/avr8-gnu-toolchain/bin/../lib/gcc/avr/5.4.0/../../../../avr/lib/avr5\libm.a(fixunssfsi.o)
                0x00000fdc                __fixunssfsi
 .text.avr-libc.fplib
                0x0000103a       0x7a c:/program files (x86)/atmel/studio/7.0/toolchain/avr8/avr8-gnu-toolchain/bin/../lib/gcc/avr/5.4.0/../../../../avr/lib/avr5\libm.a(floatsisf.o)
                0x0000103a                __floatunsisf
                0x0000103e                __floatsisf
 .text.avr-libc.fplib
                0x000010b4       0x44 c:/program files (x86)/atmel/studio/7.0/toolchain/avr8/avr8-gnu-toolchain/bin/../lib/gcc/avr/5.4.0/../../../../avr/lib/avr5\libm.a(fp_split3.o)
                0x000010b4                __fp_split3
                0x000010c4                __fp_splitA
 .text.avr-libc.fplib
                0x000010f8        0xe c:/program files (x86)/atmel/studio/7.0/toolchain/avr8/avr8-gnu-toolchain/bin/../lib/gcc/avr/5.4.0/../../../../avr/lib/avr5\libm.a(fp_zero.o)
                0x000010f8                __fp_zero
                0x000010fa                __fp_szero
 .text.avr-libc.fplib
                0x00001106        0x8 c:/program files (x86)/atmel/studio/7.0/toolchain/avr8/avr8-gnu-toolchain/bin/../lib/gcc/avr/5.4.0/../../../../avr/lib/avr5\libm.a(mulsf3.o)
                0x00001106                __mulsf3
 .text.avr-libc.fplib
                0x0000110e       0xd2 c:/program files (x86)/atmel/studio/7.0/toolchain/avr8/avr8-gnu-toolchain/bin/../lib/gcc/avr/5.4.0/../../../../avr/lib/avr5\libm.a(mulsf3x.o)
                0x0000112c                __mulsf3x
                0x00001132                __mulsf3_pse
 .text.avr-libc.fplib
                0x000011e0        0xc c:/program files (x86)/atmel/studio/7.0/toolchain/avr8/avr8-gnu-toolchain/bin/../lib/gcc/avr/5.4.0/../../../../avr/lib/avr5\libm.a(fp_inf.o)
                0x000011e0                __fp_inf
 .text.avr-libc.fplib
                0x000011ec        0x6 c:/program files (x86)/atmel/studio/7.0/toolchain/avr8/avr8-gnu-toolchain/bin/../lib/gcc/avr/5.4.0/../../../../avr/lib/avr5\libm.a(fp_nan.o)
                0x000011ec                __fp_nan
 .text.avr-libc.fplib
                0x000011f2        0xe c:/program files (x86)/atmel/studio/7.0/toolchain/avr8/avr8-gnu-toolchain/bin/../lib/gcc/avr/5.4.0/../../../../avr/lib/avr5\libm.a(fp_pscA.o)
                0x000011f2                __fp_pscA
 .text.avr-libc.fplib
                0x00001200        0xe c:/program files (x86)/atmel/studio/7.0/toolchain/avr8/avr8-gnu-toolchain/bin/../lib/gcc/avr/5.4.0/../../../../avr/lib/avr5\libm.a(fp_pscB.o)
                0x00001200                __fp_pscB
 .text.avr-libc.fplib
                0x0000120e       0x22 c:/program files (x86)/atmel/studio/7.0/toolchain/avr8/avr8-gnu-toolchain/bin/../lib/gcc/avr/5.4.0/../../../../avr/lib/avr5\libm.a(fp_round.o)
                0x0000120e                __fp_round
 .text.libgcc   0x00001230        0xc c:/program files (x86)/atmel/studio/7.0/toolchain/avr8/avr8-gnu-toolchain/bin/../lib/gcc/avr/5.4.0/avr5\libgcc.a(_tablejump2.o)
                0x00001230                __tablejump2__
 .text.libgcc.mul
                0x0000123c       0x1e c:/program files (x86)/atmel/studio/7.0/toolchain/avr8/avr8-gnu-toolchain/bin/../lib/gcc/avr/5.4.0/avr5\libgcc.a(_umulhisi3.o)
                0x0000123c                __umulhisi3
 .text.libgcc.mul
                0x0000125a       0x16 c:/program files (x86)/atmel/studio/7.0/toolchain/avr8/avr8-gnu-toolchain/bin/../lib/gcc/avr/5.4.0/avr5\libgcc.a(_muluhisi3.o)
                0x0000125a                __muluhisi3
                0x00001270                . = ALIGN (0x2)
 *(.fini9)
 .fini9         0x00001270        0x0 c:/program files (x86)/atmel/studio/7.0/toolchain/avr8/avr8-gnu-toolchain/bin/../lib/gcc/avr/5.4.0/avr5\libgcc.a(_exit.o)
                0x00001270                _exit
                0x00001270                exit
 *(.fini9)
 *(.fini8)
 *(.fini8)
 *(.fini7)
 *(.fini7)
 *(.fini6)
 *(.fini6)
 *(.fini5)
 *(.fini5)
 *(.fini4)
 *(.fini4)
 *(.fini3)
 *(.fini3)
 *(.fini2)
 *(.fini2)
 *(.fini1)
 *(.fini1)
 *(.fini0)
 .fini0         0x00001270        0x4 c:/program files (x86)/atmel/studio/7.0/toolchain/avr8/avr8-gnu-toolchain/bin/../lib/gcc/avr/5.4.0/avr5\libgcc.a(_exit.o)
 *(.fini0)
                0x00001274                _etext = .

.data           0x00800060        0x2 load address 0x00001274
                0x00800060                PROVIDE (__data_start, .)
 *(.data)
 *(.data*)
 .data.TEMP     0x00800060        0x1 APP/main.o
                0x00800060                TEMP
 *(.gnu.linkonce.d*)
 *(.rodata)
 *(.rodata*)
 *(.gnu.linkonce.r*)
                0x00800062                . = ALIGN (0x2)
 *fill*         0x00800061        0x1 
                0x00800062                _edata = .
                0x00800062                PROVIDE (__data_end, .)

.bss            0x00800062       0x24
                0x00800062                PROVIDE (__bss_start, .)
 *(.bss)
 *(.bss*)
 .bss.counter_5.1916
                0x00800062        0x4 APP/main.o
 .bss.counter_4.1915
                0x00800066        0x4 APP/main.o
 .bss.counter_2.1914
                0x0080006a        0x4 APP/main.o
 .bss.counter_1.1913
                0x0080006e        0x4 APP/main.o
 .bss.counter_3
                0x00800072        0x4 APP/main.o
 .bss.AVERAGE_SENSOR_TEMP_VALUE
                0x00800076        0x1 APP/main.o
                0x00800076                AVERAGE_SENSOR_TEMP_VALUE
 .bss.SENSOR_TEMP_SUM
                0x00800077        0x2 APP/main.o
                0x00800077                SENSOR_TEMP_SUM
 .bss.SENSOR_TEMP_VALUE
                0x00800079        0x1 APP/main.o
                0x00800079                SENSOR_TEMP_VALUE
 .bss.SEVEN_SEG_STATE
                0x0080007a        0x1 APP/main.o
                0x0080007a                SEVEN_SEG_STATE
 *(COMMON)
 COMMON         0x0080007b        0x3 APP/main.o
                0x0080007b                DEVICE_STATE
                0x0080007c                HEATING_ELE_LED_STATE
                0x0080007d                SETTING_MODE_STATE
 COMMON         0x0080007e        0x8 MCAL/Timer0/TIMER.o
                0x0080007e                num_of_ov
                0x00800082                initial_value
                0x00800086                PROVIDE (__bss_end, .)
                0x00001274                __data_load_start = LOADADDR (.data)
                0x00001276                __data_load_end = (__data_load_start + SIZEOF (.data))

.noinit         0x00800086        0x0
                [!provide]                PROVIDE (__noinit_start, .)
 *(.noinit*)
                [!provide]                PROVIDE (__noinit_end, .)
                0x00800086                _end = .
                [!provide]                PROVIDE (__heap_start, .)

.eeprom         0x00810000        0x0
 *(.eeprom*)
                0x00810000                __eeprom_end = .

.fuse
 *(.fuse)
 *(.lfuse)
 *(.hfuse)
 *(.efuse)

.lock
 *(.lock*)

.signature
 *(.signature*)

.user_signatures
 *(.user_signatures*)

.stab
 *(.stab)

.stabstr
 *(.stabstr)

.stab.excl
 *(.stab.excl)

.stab.exclstr
 *(.stab.exclstr)

.stab.index
 *(.stab.index)

.stab.indexstr
 *(.stab.indexstr)

.comment        0x00000000       0x30
 *(.comment)
 .comment       0x00000000       0x30 APP/main.o
                                 0x31 (size before relaxing)
 .comment       0x00000030       0x31 HAL/Cooling_element/COOLING_ELEMENT.o
 .comment       0x00000030       0x31 HAL/Down_button/DOWN_BUTTON.o
 .comment       0x00000030       0x31 HAL/EEPROM/EEPROM_24C16.o
 .comment       0x00000030       0x31 HAL/Heating_element/HEATING_ELEMENT.o
 .comment       0x00000030       0x31 HAL/Heating_element_led/HEATING_ELEMENT_LED.o
 .comment       0x00000030       0x31 HAL/LM35/LM35_TEMP.o
 .comment       0x00000030       0x31 HAL/ON_OFF_Switch/ON_OFF_SWITCH.o
 .comment       0x00000030       0x31 HAL/SEV_SEG/SEVSEG_interfacing.o
 .comment       0x00000030       0x31 HAL/Up_button/UP_BUTTON.o
 .comment       0x00000030       0x31 MCAL/ADC/ADC_interfacing.o
 .comment       0x00000030       0x31 MCAL/DIO/DIO_interfacing.o
 .comment       0x00000030       0x31 MCAL/Ex_Interrupt/EX_INT.o
 .comment       0x00000030       0x31 MCAL/Timer0/TIMER.o
 .comment       0x00000030       0x31 MCAL/TWI/TWI.o

.note.gnu.avr.deviceinfo
                0x00000000       0x3c
 .note.gnu.avr.deviceinfo
                0x00000000       0x3c C:/Program Files (x86)/Atmel/Studio/7.0/Packs/atmel/ATmega_DFP/1.7.374/gcc/dev/atmega32/avr5/crtatmega32.o

.note.gnu.build-id
 *(.note.gnu.build-id)

.debug
 *(.debug)

.line
 *(.line)

.debug_srcinfo
 *(.debug_srcinfo)

.debug_sfnames
 *(.debug_sfnames)

.debug_aranges  0x00000000      0x2f8
 *(.debug_aranges)
 .debug_aranges
                0x00000000       0x40 APP/main.o
 .debug_aranges
                0x00000040       0x30 HAL/Cooling_element/COOLING_ELEMENT.o
 .debug_aranges
                0x00000070       0x20 HAL/Down_button/DOWN_BUTTON.o
 .debug_aranges
                0x00000090       0x30 HAL/EEPROM/EEPROM_24C16.o
 .debug_aranges
                0x000000c0       0x30 HAL/Heating_element/HEATING_ELEMENT.o
 .debug_aranges
                0x000000f0       0x38 HAL/Heating_element_led/HEATING_ELEMENT_LED.o
 .debug_aranges
                0x00000128       0x28 HAL/LM35/LM35_TEMP.o
 .debug_aranges
                0x00000150       0x20 HAL/ON_OFF_Switch/ON_OFF_SWITCH.o
 .debug_aranges
                0x00000170       0x40 HAL/SEV_SEG/SEVSEG_interfacing.o
 .debug_aranges
                0x000001b0       0x20 HAL/Up_button/UP_BUTTON.o
 .debug_aranges
                0x000001d0       0x28 MCAL/ADC/ADC_interfacing.o
 .debug_aranges
                0x000001f8       0x38 MCAL/DIO/DIO_interfacing.o
 .debug_aranges
                0x00000230       0x30 MCAL/Ex_Interrupt/EX_INT.o
 .debug_aranges
                0x00000260       0x38 MCAL/Timer0/TIMER.o
 .debug_aranges
                0x00000298       0x60 MCAL/TWI/TWI.o

.debug_pubnames
 *(.debug_pubnames)

.debug_info     0x00000000     0x2965
 *(.debug_info .gnu.linkonce.wi.*)
 .debug_info    0x00000000      0x4e6 C:/Program Files (x86)/Atmel/Studio/7.0/Packs/atmel/ATmega_DFP/1.7.374/gcc/dev/atmega32/avr5/crtatmega32.o
 .debug_info    0x000004e6      0x4cf APP/main.o
 .debug_info    0x000009b5      0x18b HAL/Cooling_element/COOLING_ELEMENT.o
 .debug_info    0x00000b40       0xaf HAL/Down_button/DOWN_BUTTON.o
 .debug_info    0x00000bef      0x2b6 HAL/EEPROM/EEPROM_24C16.o
 .debug_info    0x00000ea5      0x18b HAL/Heating_element/HEATING_ELEMENT.o
 .debug_info    0x00001030      0x1c7 HAL/Heating_element_led/HEATING_ELEMENT_LED.o
 .debug_info    0x000011f7       0xfc HAL/LM35/LM35_TEMP.o
 .debug_info    0x000012f3       0xaf HAL/ON_OFF_Switch/ON_OFF_SWITCH.o
 .debug_info    0x000013a2      0xc7d HAL/SEV_SEG/SEVSEG_interfacing.o
 .debug_info    0x0000201f       0xaf HAL/Up_button/UP_BUTTON.o
 .debug_info    0x000020ce       0xdf MCAL/ADC/ADC_interfacing.o
 .debug_info    0x000021ad      0x259 MCAL/DIO/DIO_interfacing.o
 .debug_info    0x00002406       0xd6 MCAL/Ex_Interrupt/EX_INT.o
 .debug_info    0x000024dc      0x14a MCAL/Timer0/TIMER.o
 .debug_info    0x00002626      0x33f MCAL/TWI/TWI.o

.debug_abbrev   0x00000000      0xe52
 *(.debug_abbrev)
 .debug_abbrev  0x00000000      0x4a3 C:/Program Files (x86)/Atmel/Studio/7.0/Packs/atmel/ATmega_DFP/1.7.374/gcc/dev/atmega32/avr5/crtatmega32.o
 .debug_abbrev  0x000004a3       0xfc APP/main.o
 .debug_abbrev  0x0000059f       0x87 HAL/Cooling_element/COOLING_ELEMENT.o
 .debug_abbrev  0x00000626       0x63 HAL/Down_button/DOWN_BUTTON.o
 .debug_abbrev  0x00000689      0x145 HAL/EEPROM/EEPROM_24C16.o
 .debug_abbrev  0x000007ce       0x87 HAL/Heating_element/HEATING_ELEMENT.o
 .debug_abbrev  0x00000855       0x87 HAL/Heating_element_led/HEATING_ELEMENT_LED.o
 .debug_abbrev  0x000008dc       0x97 HAL/LM35/LM35_TEMP.o
 .debug_abbrev  0x00000973       0x63 HAL/ON_OFF_Switch/ON_OFF_SWITCH.o
 .debug_abbrev  0x000009d6       0xd9 HAL/SEV_SEG/SEVSEG_interfacing.o
 .debug_abbrev  0x00000aaf       0x63 HAL/Up_button/UP_BUTTON.o
 .debug_abbrev  0x00000b12       0x7a MCAL/ADC/ADC_interfacing.o
 .debug_abbrev  0x00000b8c       0xc1 MCAL/DIO/DIO_interfacing.o
 .debug_abbrev  0x00000c4d       0x51 MCAL/Ex_Interrupt/EX_INT.o
 .debug_abbrev  0x00000c9e       0xa9 MCAL/Timer0/TIMER.o
 .debug_abbrev  0x00000d47      0x10b MCAL/TWI/TWI.o

.debug_line     0x00000000     0x1856
 *(.debug_line .debug_line.* .debug_line_end)
 .debug_line    0x00000000      0x116 C:/Program Files (x86)/Atmel/Studio/7.0/Packs/atmel/ATmega_DFP/1.7.374/gcc/dev/atmega32/avr5/crtatmega32.o
 .debug_line    0x00000116      0x48f APP/main.o
 .debug_line    0x000005a5       0xbb HAL/Cooling_element/COOLING_ELEMENT.o
 .debug_line    0x00000660       0x73 HAL/Down_button/DOWN_BUTTON.o
 .debug_line    0x000006d3      0x1c9 HAL/EEPROM/EEPROM_24C16.o
 .debug_line    0x0000089c       0xb9 HAL/Heating_element/HEATING_ELEMENT.o
 .debug_line    0x00000955       0xd7 HAL/Heating_element_led/HEATING_ELEMENT_LED.o
 .debug_line    0x00000a2c       0xa4 HAL/LM35/LM35_TEMP.o
 .debug_line    0x00000ad0       0x77 HAL/ON_OFF_Switch/ON_OFF_SWITCH.o
 .debug_line    0x00000b47      0x3a8 HAL/SEV_SEG/SEVSEG_interfacing.o
 .debug_line    0x00000eef       0x71 HAL/Up_button/UP_BUTTON.o
 .debug_line    0x00000f60      0x119 MCAL/ADC/ADC_interfacing.o
 .debug_line    0x00001079      0x274 MCAL/DIO/DIO_interfacing.o
 .debug_line    0x000012ed      0x12b MCAL/Ex_Interrupt/EX_INT.o
 .debug_line    0x00001418      0x158 MCAL/Timer0/TIMER.o
 .debug_line    0x00001570      0x2e6 MCAL/TWI/TWI.o

.debug_frame    0x00000000      0x560
 *(.debug_frame)
 .debug_frame   0x00000000      0x150 APP/main.o
 .debug_frame   0x00000150       0x44 HAL/Cooling_element/COOLING_ELEMENT.o
 .debug_frame   0x00000194       0x24 HAL/Down_button/DOWN_BUTTON.o
 .debug_frame   0x000001b8       0x58 HAL/EEPROM/EEPROM_24C16.o
 .debug_frame   0x00000210       0x44 HAL/Heating_element/HEATING_ELEMENT.o
 .debug_frame   0x00000254       0x54 HAL/Heating_element_led/HEATING_ELEMENT_LED.o
 .debug_frame   0x000002a8       0x34 HAL/LM35/LM35_TEMP.o
 .debug_frame   0x000002dc       0x24 HAL/ON_OFF_Switch/ON_OFF_SWITCH.o
 .debug_frame   0x00000300       0x6c HAL/SEV_SEG/SEVSEG_interfacing.o
 .debug_frame   0x0000036c       0x24 HAL/Up_button/UP_BUTTON.o
 .debug_frame   0x00000390       0x34 MCAL/ADC/ADC_interfacing.o
 .debug_frame   0x000003c4       0x54 MCAL/DIO/DIO_interfacing.o
 .debug_frame   0x00000418       0x44 MCAL/Ex_Interrupt/EX_INT.o
 .debug_frame   0x0000045c       0x60 MCAL/Timer0/TIMER.o
 .debug_frame   0x000004bc       0xa4 MCAL/TWI/TWI.o

.debug_str      0x00000000      0xa11
 *(.debug_str)
 .debug_str     0x00000000      0x196 C:/Program Files (x86)/Atmel/Studio/7.0/Packs/atmel/ATmega_DFP/1.7.374/gcc/dev/atmega32/avr5/crtatmega32.o
 .debug_str     0x00000196      0x412 APP/main.o
                                0x458 (size before relaxing)
 .debug_str     0x000005a8       0x8f HAL/Cooling_element/COOLING_ELEMENT.o
                                0x22a (size before relaxing)
 .debug_str     0x00000637       0x35 HAL/Down_button/DOWN_BUTTON.o
                                0x1a5 (size before relaxing)
 .debug_str     0x0000066c      0x112 HAL/EEPROM/EEPROM_24C16.o
                                0x2ae (size before relaxing)
 .debug_str     0x0000077e       0x29 HAL/Heating_element/HEATING_ELEMENT.o
                                0x22a (size before relaxing)
 .debug_str     0x000007a7       0x39 HAL/Heating_element_led/HEATING_ELEMENT_LED.o
                                0x261 (size before relaxing)
 .debug_str     0x000007e0       0x3a HAL/LM35/LM35_TEMP.o
                                0x1b7 (size before relaxing)
 .debug_str     0x0000081a       0x39 HAL/ON_OFF_Switch/ON_OFF_SWITCH.o
                                0x1ab (size before relaxing)
 .debug_str     0x00000853       0x31 HAL/SEV_SEG/SEVSEG_interfacing.o
                                0x247 (size before relaxing)
 .debug_str     0x00000884       0x31 HAL/Up_button/UP_BUTTON.o
                                0x19f (size before relaxing)
 .debug_str     0x000008b5       0x2f MCAL/ADC/ADC_interfacing.o
                                0x1b4 (size before relaxing)
 .debug_str     0x000008e4       0xa7 MCAL/DIO/DIO_interfacing.o
                                0x288 (size before relaxing)
 .debug_str     0x0000098b       0x1e MCAL/Ex_Interrupt/EX_INT.o
                                0x1c7 (size before relaxing)
 .debug_str     0x000009a9       0x47 MCAL/Timer0/TIMER.o
                                0x1ff (size before relaxing)
 .debug_str     0x000009f0       0x21 MCAL/TWI/TWI.o
                                0x27e (size before relaxing)

.debug_loc      0x00000000      0xf09
 *(.debug_loc)
 .debug_loc     0x00000000      0x2aa APP/main.o
 .debug_loc     0x000002aa      0x152 HAL/EEPROM/EEPROM_24C16.o
 .debug_loc     0x000003fc       0x13 HAL/LM35/LM35_TEMP.o
 .debug_loc     0x0000040f      0x4fc HAL/SEV_SEG/SEVSEG_interfacing.o
 .debug_loc     0x0000090b       0x24 MCAL/ADC/ADC_interfacing.o
 .debug_loc     0x0000092f      0x30c MCAL/DIO/DIO_interfacing.o
 .debug_loc     0x00000c3b       0x90 MCAL/Timer0/TIMER.o
 .debug_loc     0x00000ccb      0x23e MCAL/TWI/TWI.o

.debug_macinfo
 *(.debug_macinfo)

.debug_weaknames
 *(.debug_weaknames)

.debug_funcnames
 *(.debug_funcnames)

.debug_typenames
 *(.debug_typenames)

.debug_varnames
 *(.debug_varnames)

.debug_pubtypes
 *(.debug_pubtypes)

.debug_ranges   0x00000000      0x208
 *(.debug_ranges)
 .debug_ranges  0x00000000       0x30 APP/main.o
 .debug_ranges  0x00000030       0x20 HAL/Cooling_element/COOLING_ELEMENT.o
 .debug_ranges  0x00000050       0x10 HAL/Down_button/DOWN_BUTTON.o
 .debug_ranges  0x00000060       0x20 HAL/EEPROM/EEPROM_24C16.o
 .debug_ranges  0x00000080       0x20 HAL/Heating_element/HEATING_ELEMENT.o
 .debug_ranges  0x000000a0       0x28 HAL/Heating_element_led/HEATING_ELEMENT_LED.o
 .debug_ranges  0x000000c8       0x18 HAL/LM35/LM35_TEMP.o
 .debug_ranges  0x000000e0       0x10 HAL/ON_OFF_Switch/ON_OFF_SWITCH.o
 .debug_ranges  0x000000f0       0x30 HAL/SEV_SEG/SEVSEG_interfacing.o
 .debug_ranges  0x00000120       0x10 HAL/Up_button/UP_BUTTON.o
 .debug_ranges  0x00000130       0x18 MCAL/ADC/ADC_interfacing.o
 .debug_ranges  0x00000148       0x28 MCAL/DIO/DIO_interfacing.o
 .debug_ranges  0x00000170       0x20 MCAL/Ex_Interrupt/EX_INT.o
 .debug_ranges  0x00000190       0x28 MCAL/Timer0/TIMER.o
 .debug_ranges  0x000001b8       0x50 MCAL/TWI/TWI.o

.debug_macro
 *(.debug_macro)
OUTPUT(water_heater.elf elf32-avr)
LOAD linker stubs
